[developer.apple.com/fonts/TrueType-Reference-Manual/index.html]
[developer.apple.com/assets/styles/global.dist8b2c.css]
[developer.apple.com/assets/styles/dark-mode3d34.css]
[developer.apple.com/assets/styles/localization3d34.css]
[developer.apple.com/assets/scripts/lib/jquery/jquery-3.6.0.min78df.js]
[developer.apple.com/assets/scripts/settings78df.js]
[developer.apple.com/assets/scripts/language-locales7625.js]
[developer.apple.com/assets/scripts/DeveloperBreadcrumbs78df.js]
[developer.apple.com/assets/metrics/scripts/analytics-module78df.js]
[developer.apple.com/assets/scripts/retinate78df.js]
[developer.apple.com/assets/scripts/global-logout78df.js]
[developer.apple.com/assets/includes/global-session-nav/session.css]
[developer.apple.com/assets/includes/global-session-nav/session.js]
[backblue.gif]
[fade.gif]
[index.html]
[developer.apple.com/assets/scripts/suggest-lang7625.js]
[developer.apple.com/assets/styles/globalnav3d34.css]
[developer.apple.com/assets/scripts/ac-globalnav.built78df.js]
[developer.apple.com/assets/metrics/scripts/analytics.js]
[developer.apple.com/assets/styles/localnav.css]
[developer.apple.com/assets/scripts/ac-localnav.built.js]
[developer.apple.com/fonts/TrueType-Reference-Manual/RM01/Chap1.html]
[developer.apple.com/fonts/TrueType-Reference-Manual/RM02/Chap2.html]
[developer.apple.com/fonts/TrueType-Reference-Manual/RM03/Chap3.html]
[developer.apple.com/fonts/TrueType-Reference-Manual/RM04/Chap4.html]
[developer.apple.com/fonts/TrueType-Reference-Manual/RM05/Chap5.html]
[developer.apple.com/fonts/TrueType-Reference-Manual/RM07/appendixA.html]
[developer.apple.com/fonts/TrueType-Reference-Manual/RM06/Chap6.html]
[developer.apple.com/fonts/TrueType-Reference-Manual/RM06/Chap6acnt.html]
[developer.apple.com/fonts/TrueType-Reference-Manual/RM06/Chap6ankr.html]
[developer.apple.com/fonts/TrueType-Reference-Manual/RM06/Chap6avar.html]
[developer.apple.com/fonts/TrueType-Reference-Manual/RM06/Chap6bhed.html]
[developer.apple.com/fonts/TrueType-Reference-Manual/RM06/Chap6bdat.html]
[developer.apple.com/fonts/TrueType-Reference-Manual/RM06/Chap6bsln.html]
[developer.apple.com/fonts/TrueType-Reference-Manual/RM06/Chap6bloc.html]
[developer.apple.com/fonts/TrueType-Reference-Manual/RM06/Chap6cvar.html]
[developer.apple.com/fonts/TrueType-Reference-Manual/RM06/Chap6cmap.html]
[developer.apple.com/fonts/TrueType-Reference-Manual/RM06/Chap6EBSC.html]
[developer.apple.com/fonts/TrueType-Reference-Manual/RM06/Chap6cvt.html]
[developer.apple.com/fonts/TrueType-Reference-Manual/RM06/Chap6fdsc.html]
[developer.apple.com/fonts/TrueType-Reference-Manual/RM06/Chap6fmtx.html]
[developer.apple.com/fonts/TrueType-Reference-Manual/RM06/Chap6feat.html]
[developer.apple.com/fonts/TrueType-Reference-Manual/RM06/Chap6fond.html]
[developer.apple.com/fonts/TrueType-Reference-Manual/RM06/Chap6fvar.html]
[developer.apple.com/fonts/TrueType-Reference-Manual/RM06/Chap6fpgm.html]
[developer.apple.com/fonts/TrueType-Reference-Manual/RM06/Chap6glyf.html]
[developer.apple.com/fonts/TrueType-Reference-Manual/RM06/Chap6gasp.html]
[developer.apple.com/fonts/TrueType-Reference-Manual/RM06/Chap6gvar.html]
[developer.apple.com/fonts/TrueType-Reference-Manual/RM06/Chap6hdmx.html]
[developer.apple.com/fonts/TrueType-Reference-Manual/RM06/Chap6head.html]
[developer.apple.com/fonts/TrueType-Reference-Manual/RM06/Chap6hmtx.html]
[developer.apple.com/fonts/TrueType-Reference-Manual/RM06/Chap6hhea.html]
[developer.apple.com/fonts/TrueType-Reference-Manual/RM06/Chap6hvgl.html]
[developer.apple.com/fonts/TrueType-Reference-Manual/RM06/Chap6hvpm.html]
[developer.apple.com/fonts/TrueType-Reference-Manual/RM06/Chap6just.html]
[developer.apple.com/fonts/TrueType-Reference-Manual/RM06/Chap6kern.html]
[developer.apple.com/fonts/TrueType-Reference-Manual/RM06/Chap6lcar.html]
[developer.apple.com/fonts/TrueType-Reference-Manual/RM06/Chap6kerx.html]
[developer.apple.com/fonts/TrueType-Reference-Manual/RM06/Chap6loca.html]
[developer.apple.com/fonts/TrueType-Reference-Manual/RM06/Chap6ltag.html]
[developer.apple.com/fonts/TrueType-Reference-Manual/RM06/Chap6maxp.html]
[developer.apple.com/fonts/TrueType-Reference-Manual/RM06/Chap6meta.html]
[developer.apple.com/fonts/TrueType-Reference-Manual/RM06/Chap6mort.html]
[developer.apple.com/fonts/TrueType-Reference-Manual/RM06/Chap6morx.html]
[developer.apple.com/fonts/TrueType-Reference-Manual/RM06/Chap6name.html]
[developer.apple.com/fonts/TrueType-Reference-Manual/RM06/Chap6opbd.html]
[developer.apple.com/fonts/TrueType-Reference-Manual/RM06/Chap6OS2.html]
[developer.apple.com/fonts/TrueType-Reference-Manual/RM06/Chap6post.html]
[developer.apple.com/fonts/TrueType-Reference-Manual/RM06/Chap6prep.html]
[developer.apple.com/fonts/TrueType-Reference-Manual/RM06/Chap6prop.html]
[developer.apple.com/fonts/TrueType-Reference-Manual/RM06/Chap6sbix.html]
[developer.apple.com/fonts/TrueType-Reference-Manual/RM06/Chap6vhea.html]
[developer.apple.com/fonts/TrueType-Reference-Manual/RM06/Chap6trak.html]
[developer.apple.com/fonts/TrueType-Reference-Manual/RM06/Chap6vmtx.html]
[developer.apple.com/fonts/TrueType-Reference-Manual/RM06/Chap6xref.html]
[developer.apple.com/fonts/TrueType-Reference-Manual/RM06/Chap6Zapf.html]
[developer.apple.com/fonts/TrueType-Reference-Manual/RM07/appendixB.html]
[developer.apple.com/fonts/TrueType-Reference-Manual/RM08/appendixE.html]
[developer.apple.com/assets/styles/footer.dist3d34.css]
[developer.apple.com/fonts/TrueType-Reference-Manual/RM09/AppendixF.html]
[developer.apple.com/assets/scripts/color-scheme-toggle.js]
[developer.apple.com/assets/scripts/language-dropdown8560.js]
[developer.apple.com/fonts/TrueType-Reference-Manual/index.html]
[developer.apple.com/assets/elements/hardware/studio_display/large_2x9a8e.png]
[developer.apple.com/assets/elements/hardware/studio_display/medium_2x9a8e.png]
[developer.apple.com/assets/elements/hardware/studio_display/small_2x9a8e.png]
[developer.apple.com/assets/elements/hardware/studio_display_mac_studio/large_2x9a8e.png]
[developer.apple.com/assets/elements/hardware/studio_display_mac_studio/medium_2x9a8e.png]
[developer.apple.com/assets/elements/hardware/studio_display_mac_studio/small_2x9a8e.png]
[developer.apple.com/assets/elements/hardware/macbook_pro_5th_gen_16_black/large_2x9a8e.png]
[developer.apple.com/assets/elements/hardware/macbook_pro_5th_gen_16_black/medium_2x9a8e.png]
[developer.apple.com/assets/elements/hardware/macbook_pro_5th_gen_16_black/small_2x9a8e.png]
[developer.apple.com/assets/elements/hardware/macbook_pro_5th_gen_16_mask/large_2x9a8e.png]
[developer.apple.com/assets/elements/hardware/macbook_pro_5th_gen_16_mask/medium_2x9a8e.png]
[developer.apple.com/assets/elements/hardware/macbook_pro_5th_gen_16_mask/small_2x9a8e.png]
[developer.apple.com/assets/elements/hardware/macbook_pro_5th_gen_16_silver/large_2x9a8e.png]
[developer.apple.com/assets/elements/hardware/macbook_pro_5th_gen_16_silver/medium_2x9a8e.png]
[developer.apple.com/assets/elements/hardware/macbook_pro_5th_gen_16_silver/small_2x9a8e.png]
[developer.apple.com/assets/elements/hardware/macbook_pro_5th_gen_16_silver_cam/large_2x9a8e.png]
[developer.apple.com/assets/elements/hardware/macbook_pro_5th_gen_16_silver_cam/medium_2x9a8e.png]
[developer.apple.com/assets/elements/hardware/macbook_pro_5th_gen_16_silver_cam/small_2x9a8e.png]
[developer.apple.com/assets/elements/hardware/macbook_pro_5th_gen_14_silver/large_2x9a8e.png]
[developer.apple.com/assets/elements/hardware/macbook_pro_5th_gen_14_silver/medium_2x9a8e.png]
[developer.apple.com/assets/elements/hardware/macbook_pro_5th_gen_14_silver/small_2x9a8e.png]
[developer.apple.com/assets/elements/hardware/macbook_pro_5th_gen_14_mask/large_2x9a8e.png]
[developer.apple.com/assets/elements/hardware/macbook_pro_5th_gen_14_mask/medium_2x9a8e.png]
[developer.apple.com/assets/elements/hardware/macbook_pro_5th_gen_14_mask/small_2x9a8e.png]
[developer.apple.com/assets/elements/hardware/iphone_16_pro_titanium/large_2x9a8e.png]
[developer.apple.com/assets/elements/hardware/iphone_16_pro_titanium/medium_2x9a8e.png]
[developer.apple.com/assets/elements/hardware/iphone_16_pro_titanium/small_2x9a8e.png]
[developer.apple.com/assets/elements/hardware/iphone_16_pro_mask/large_2x9a8e.png]
[developer.apple.com/assets/elements/hardware/iphone_16_pro_mask/medium_2x9a8e.png]
[developer.apple.com/assets/elements/hardware/iphone_16_pro_mask/small_2x9a8e.png]
[developer.apple.com/assets/elements/hardware/iphone_16_pro_titanium_landscape/large_2x9a8e.png]
[developer.apple.com/assets/elements/hardware/iphone_16_pro_titanium_landscape/medium_2x9a8e.png]
[developer.apple.com/assets/elements/hardware/iphone_16_pro_titanium_landscape/small_2x9a8e.png]
[developer.apple.com/assets/elements/hardware/iphone_16_pro_mask_landscape/large_2x9a8e.png]
[developer.apple.com/assets/elements/hardware/iphone_16_pro_mask_landscape/medium_2x9a8e.png]
[developer.apple.com/assets/elements/hardware/iphone_16_pro_mask_landscape/small_2x9a8e.png]
[developer.apple.com/assets/elements/hardware/iphone_15_pro_titanium/large_2x9a8e.png]
[developer.apple.com/assets/elements/hardware/iphone_15_pro_titanium/medium_2x9a8e.png]
[developer.apple.com/assets/elements/hardware/iphone_15_pro_titanium/small_2x9a8e.png]
[developer.apple.com/assets/elements/hardware/iphone_15_pro_mask/large_2x9a8e.png]
[developer.apple.com/assets/elements/hardware/iphone_15_pro_mask/medium_2x9a8e.png]
[developer.apple.com/assets/elements/hardware/iphone_15_pro_mask/small_2x9a8e.png]
[developer.apple.com/assets/elements/hardware/iphone_15_pro_titanium_landscape/large_2x9a8e.png]
[developer.apple.com/assets/elements/hardware/iphone_15_pro_titanium_landscape/medium_2x9a8e.png]
[developer.apple.com/assets/elements/hardware/iphone_15_pro_titanium_landscape/small_2x9a8e.png]
[developer.apple.com/assets/elements/hardware/iphone_15_pro_mask_landscape/large_2x9a8e.png]
[developer.apple.com/assets/elements/hardware/iphone_15_pro_mask_landscape/medium_2x9a8e.png]
[developer.apple.com/assets/elements/hardware/iphone_15_pro_mask_landscape/small_2x9a8e.png]
[developer.apple.com/assets/elements/hardware/iphone_14_pro_black/large_2x9a8e.png]
[developer.apple.com/assets/elements/hardware/iphone_14_pro_black/medium_2x9a8e.png]
[developer.apple.com/assets/elements/hardware/iphone_14_pro_black/small_2x9a8e.png]
[developer.apple.com/assets/elements/hardware/iphone_14_pro_mask/large_2x9a8e.png]
[developer.apple.com/assets/elements/hardware/iphone_14_pro_mask/medium_2x9a8e.png]
[developer.apple.com/assets/elements/hardware/iphone_14_pro_mask/small_2x9a8e.png]
[developer.apple.com/assets/elements/hardware/iphone_14_pro_black_landscape/large_2x9a8e.png]
[developer.apple.com/assets/elements/hardware/iphone_14_pro_black_landscape/medium_2x9a8e.png]
[developer.apple.com/assets/elements/hardware/iphone_14_pro_black_landscape/small_2x9a8e.png]
[developer.apple.com/assets/elements/hardware/iphone_14_pro_mask_landscape/large_2x9a8e.png]
[developer.apple.com/assets/elements/hardware/iphone_14_pro_mask_landscape/medium_2x9a8e.png]
[developer.apple.com/assets/elements/hardware/iphone_14_pro_mask_landscape/small_2x9a8e.png]
[developer.apple.com/assets/elements/hardware/iphone_13_pro_blue/large_2x9a8e.png]
[developer.apple.com/assets/elements/hardware/iphone_13_pro_blue/medium_2x9a8e.png]
[developer.apple.com/assets/elements/hardware/iphone_13_pro_blue/small_2x9a8e.png]
[developer.apple.com/assets/elements/hardware/iphone_13_pro_blue_landscape/large_2x9a8e.png]
[developer.apple.com/assets/elements/hardware/iphone_13_pro_blue_landscape/medium_2x9a8e.png]
[developer.apple.com/assets/elements/hardware/iphone_13_pro_blue_landscape/small_2x9a8e.png]
[developer.apple.com/assets/elements/hardware/iphone_13_pro_silver/large_2x9a8e.png]
[developer.apple.com/assets/elements/hardware/iphone_13_pro_silver/medium_2x9a8e.png]
[developer.apple.com/assets/elements/hardware/iphone_13_pro_silver/small_2x9a8e.png]
[developer.apple.com/assets/elements/hardware/iphone_13_pro_silver_landscape/large_2x9a8e.png]
[developer.apple.com/assets/elements/hardware/iphone_13_pro_silver_landscape/medium_2x9a8e.png]
[developer.apple.com/assets/elements/hardware/iphone_13_pro_silver_landscape/small_2x9a8e.png]
[developer.apple.com/assets/elements/hardware/ipad_pro_13_m4_silver/large_2x9a8e.png]
[developer.apple.com/assets/elements/hardware/ipad_pro_13_m4_silver/medium_2x9a8e.png]
[developer.apple.com/assets/elements/hardware/ipad_pro_13_m4_silver/small_2x9a8e.png]
[developer.apple.com/assets/elements/hardware/ipad_air_13_m2_space_gray/large_2x9a8e.png]
[developer.apple.com/assets/elements/hardware/ipad_air_13_m2_space_gray/medium_2x9a8e.png]
[developer.apple.com/assets/elements/hardware/ipad_air_13_m2_space_gray/small_2x9a8e.png]
[developer.apple.com/assets/elements/hardware/ipad_pro_12_9_space_gray/large_2x9a8e.png]
[developer.apple.com/assets/elements/hardware/ipad_pro_12_9_space_gray/medium_2x9a8e.png]
[developer.apple.com/assets/elements/hardware/ipad_pro_12_9_space_gray/small_2x9a8e.png]
[developer.apple.com/assets/elements/hardware/ipad_pro_11_space_gray/large_2x9a8e.png]
[developer.apple.com/assets/elements/hardware/ipad_pro_11_space_gray/medium_2x9a8e.png]
[developer.apple.com/assets/elements/hardware/ipad_pro_11_space_gray/small_2x9a8e.png]
[developer.apple.com/assets/elements/hardware/ipad_pro_11_space_gray_vert/large_2x9a8e.png]
[developer.apple.com/assets/elements/hardware/ipad_pro_11_space_gray_vert/medium_2x9a8e.png]
[developer.apple.com/assets/elements/hardware/ipad_pro_11_space_gray_vert/small_2x9a8e.png]
[developer.apple.com/assets/elements/hardware/ipad_mini_6th_gen_starlight/large_2x9a8e.png]
[developer.apple.com/assets/elements/hardware/ipad_mini_6th_gen_starlight/medium_2x9a8e.png]
[developer.apple.com/assets/elements/hardware/ipad_mini_6th_gen_starlight/small_2x9a8e.png]
[developer.apple.com/assets/elements/hardware/ipad_mini_6th_gen_starlight_vert/large_2x9a8e.png]
[developer.apple.com/assets/elements/hardware/ipad_mini_6th_gen_starlight_vert/medium_2x9a8e.png]
[developer.apple.com/assets/elements/hardware/ipad_mini_6th_gen_starlight_vert/small_2x9a8e.png]
[developer.apple.com/assets/elements/hardware/iphone_12_pro_silver/large_2x9a8e.png]
[developer.apple.com/assets/elements/hardware/iphone_12_pro_silver/medium_2x9a8e.png]
[developer.apple.com/assets/elements/hardware/iphone_12_pro_silver/small_2x9a8e.png]
[developer.apple.com/assets/elements/hardware/iphone_12_pro_silver_landscape/large_2x9a8e.png]
[developer.apple.com/assets/elements/hardware/iphone_12_pro_silver_landscape/medium_2x9a8e.png]
[developer.apple.com/assets/elements/hardware/iphone_12_pro_silver_landscape/small_2x9a8e.png]
[developer.apple.com/assets/elements/hardware/iphone_x_silver/large_2x9a8e.png]
[developer.apple.com/assets/elements/hardware/iphone_x_silver/medium_2x9a8e.png]
[developer.apple.com/assets/elements/hardware/iphone_x_silver/small_2x9a8e.png]
[developer.apple.com/assets/elements/hardware/iphone_x_silver_landscape/large_2x9a8e.png]
[developer.apple.com/assets/elements/hardware/iphone_x_silver_landscape/medium_2x9a8e.png]
[developer.apple.com/assets/elements/hardware/iphone_x_silver_landscape/small_2x9a8e.png]
[developer.apple.com/assets/elements/hardware/macbook_pro_space_grey/large_2x9a8e.png]
[developer.apple.com/assets/elements/hardware/macbook_pro_space_grey/medium_2x9a8e.png]
[developer.apple.com/assets/elements/hardware/macbook_pro_space_grey/small_2x9a8e.png]
[developer.apple.com/assets/elements/hardware/macbook_pro_16_space_gray/large_2x9a8e.png]
[developer.apple.com/assets/elements/hardware/macbook_pro_16_space_gray/medium_2x9a8e.png]
[developer.apple.com/assets/elements/hardware/macbook_pro_16_space_gray/small_2x9a8e.png]
[developer.apple.com/assets/elements/hardware/apple_watch_series_3_white/large_2x9a8e.png]
[developer.apple.com/assets/elements/hardware/apple_watch_series_3_white/medium_2x9a8e.png]
[developer.apple.com/assets/elements/hardware/apple_watch_series_3_white/small_2x9a8e.png]
[developer.apple.com/assets/elements/hardware/apple_watch_series_4_white/large_2x9a8e.png]
[developer.apple.com/assets/elements/hardware/apple_watch_series_4_white/medium_2x9a8e.png]
[developer.apple.com/assets/elements/hardware/apple_watch_series_4_white/small_2x9a8e.png]
[developer.apple.com/assets/elements/hardware/apple_watch_series_4_black/large_2x9a8e.png]
[developer.apple.com/assets/elements/hardware/apple_watch_series_4_black/medium_2x9a8e.png]
[developer.apple.com/assets/elements/hardware/apple_watch_series_4_black/small_2x9a8e.png]
[developer.apple.com/assets/elements/hardware/apple_watch_series_8_black/large_2x9a8e.png]
[developer.apple.com/assets/elements/hardware/apple_watch_series_8_black/medium_2x9a8e.png]
[developer.apple.com/assets/elements/hardware/apple_watch_series_8_black/small_2x9a8e.png]
[developer.apple.com/assets/elements/hardware/apple_watch_series_8_white/large_2x9a8e.png]
[developer.apple.com/assets/elements/hardware/apple_watch_series_8_white/medium_2x9a8e.png]
[developer.apple.com/assets/elements/hardware/apple_watch_series_8_white/small_2x9a8e.png]
[developer.apple.com/assets/elements/hardware/apple_watch_ultra_midnight/large_2x9a8e.png]
[developer.apple.com/assets/elements/hardware/apple_watch_ultra_midnight/medium_2x9a8e.png]
[developer.apple.com/assets/elements/hardware/apple_watch_ultra_midnight/small_2x9a8e.png]
[developer.apple.com/assets/styles/global.dist8b2c.css]
[developer.apple.com/assets/styles/dark-mode3d34.css]
[developer.apple.com/assets/styles/localization3d34.css]
[sfss.cdn-apple.com/2.0.0-beta.2/sf-symbol4fe5.html]
[developer.apple.com/assets/includes/global-session-nav/session.css]
[developer.apple.com/fonts/styles/truetype.css]
[developer.apple.com/assets/styles/suggest-lang3d34.css]
[developer.apple.com/assets/styles/globalnav3d34.css]
[developer.apple.com/assets/styles/localnav.css]
[developer.apple.com/fonts/TrueType-Reference-Manual/styles/aat.css]
[developer.apple.com/fonts/TrueType-Reference-Manual/RM01/fig01.jpg]
[developer.apple.com/fonts/TrueType-Reference-Manual/RM01/fig02.jpg]
[developer.apple.com/fonts/TrueType-Reference-Manual/RM01/fig03.jpg]
[developer.apple.com/fonts/TrueType-Reference-Manual/RM01/fig04.gif]
[developer.apple.com/fonts/TrueType-Reference-Manual/RM01/fig05.gif]
[developer.apple.com/fonts/TrueType-Reference-Manual/RM01/fig06.gif]
[developer.apple.com/fonts/TrueType-Reference-Manual/RM01/fig07.gif]
[developer.apple.com/fonts/TrueType-Reference-Manual/RM01/fig08.gif]
[developer.apple.com/fonts/TrueType-Reference-Manual/RM01/fig09.gif]
[developer.apple.com/fonts/TrueType-Reference-Manual/RM01/fig10.gif]
[developer.apple.com/fonts/TrueType-Reference-Manual/RM01/fig11.gif]
[developer.apple.com/fonts/TrueType-Reference-Manual/RM01/fig12.gif]
[developer.apple.com/fonts/TrueType-Reference-Manual/RM01/fig13.gif]
[developer.apple.com/fonts/TrueType-Reference-Manual/RM01/fig14.gif]
[developer.apple.com/fonts/TrueType-Reference-Manual/RM01/Chap1.html]
[developer.apple.com/fonts/TrueType-Reference-Manual/RM02/fig2-1-1.gif]
[developer.apple.com/fonts/TrueType-Reference-Manual/RM02/fig2-1-2.gif]
[developer.apple.com/fonts/TrueType-Reference-Manual/RM02/fig2-1-3.gif]
[developer.apple.com/fonts/TrueType-Reference-Manual/RM02/fig2-1-4.gif]
[developer.apple.com/fonts/TrueType-Reference-Manual/RM02/FE01.gif]
[developer.apple.com/fonts/TrueType-Reference-Manual/RM02/FE2.gif]
[developer.apple.com/fonts/TrueType-Reference-Manual/RM02/fig2-4-1.gif]
[developer.apple.com/fonts/TrueType-Reference-Manual/RM02/fig2-4-2.gif]
[developer.apple.com/fonts/TrueType-Reference-Manual/RM02/FE4.gif]
[developer.apple.com/fonts/TrueType-Reference-Manual/RM02/FE5.gif]
[developer.apple.com/fonts/TrueType-Reference-Manual/RM02/FE6.gif]
[developer.apple.com/fonts/TrueType-Reference-Manual/RM02/FE7.gif]
[developer.apple.com/fonts/TrueType-Reference-Manual/RM02/fig2-9.gif]
[developer.apple.com/fonts/TrueType-Reference-Manual/RM02/FE8.gif]
[developer.apple.com/fonts/TrueType-Reference-Manual/RM02/FE9.gif]
[developer.apple.com/fonts/TrueType-Reference-Manual/RM02/FE10.gif]
[developer.apple.com/fonts/TrueType-Reference-Manual/RM02/FE11.gif]
[developer.apple.com/fonts/TrueType-Reference-Manual/RM02/FE12.gif]
[developer.apple.com/fonts/TrueType-Reference-Manual/RM02/FE13.gif]
[developer.apple.com/fonts/TrueType-Reference-Manual/RM02/FE14.gif]
[developer.apple.com/fonts/TrueType-Reference-Manual/RM02/FE15.gif]
[developer.apple.com/fonts/TrueType-Reference-Manual/RM02/FE16.gif]
[developer.apple.com/fonts/TrueType-Reference-Manual/RM02/FE17.gif]
[developer.apple.com/fonts/TrueType-Reference-Manual/RM02/FE18.gif]
[developer.apple.com/fonts/TrueType-Reference-Manual/RM02/FE19.gif]
[developer.apple.com/fonts/TrueType-Reference-Manual/RM02/FE20.gif]
[developer.apple.com/fonts/TrueType-Reference-Manual/RM02/FE21.gif]
[developer.apple.com/fonts/TrueType-Reference-Manual/RM02/FE22.gif]
[developer.apple.com/fonts/TrueType-Reference-Manual/RM02/FE23.gif]
[developer.apple.com/fonts/TrueType-Reference-Manual/RM02/FE24.gif]
[developer.apple.com/fonts/TrueType-Reference-Manual/RM02/Chap2.html]
[developer.apple.com/fonts/TrueType-Reference-Manual/RM03/fig3-1.gif]
[developer.apple.com/fonts/TrueType-Reference-Manual/RM03/fig3-2-1.gif]
[developer.apple.com/fonts/TrueType-Reference-Manual/RM03/fig3-2-2.gif]
[developer.apple.com/fonts/TrueType-Reference-Manual/RM03/IF2.gif]
[developer.apple.com/fonts/TrueType-Reference-Manual/RM03/IF3.gif]
[developer.apple.com/fonts/TrueType-Reference-Manual/RM03/IF4.gif]
[developer.apple.com/fonts/TrueType-Reference-Manual/RM03/IF5.gif]
[developer.apple.com/fonts/TrueType-Reference-Manual/RM03/fig3-7.gif]
[developer.apple.com/fonts/TrueType-Reference-Manual/RM03/fig3-8.gif]
[developer.apple.com/fonts/TrueType-Reference-Manual/RM03/fig3-9.gif]
[developer.apple.com/fonts/TrueType-Reference-Manual/RM03/fig3-10.gif]
[developer.apple.com/fonts/TrueType-Reference-Manual/RM03/IF9.gif]
[developer.apple.com/fonts/TrueType-Reference-Manual/RM03/H1.gif]
[developer.apple.com/fonts/TrueType-Reference-Manual/RM03/H2.gif]
[developer.apple.com/fonts/TrueType-Reference-Manual/RM03/H3.gif]
[developer.apple.com/fonts/TrueType-Reference-Manual/RM03/H4.gif]
[developer.apple.com/fonts/TrueType-Reference-Manual/RM03/H5.gif]
[developer.apple.com/fonts/TrueType-Reference-Manual/RM03/H6.gif]
[developer.apple.com/fonts/TrueType-Reference-Manual/RM03/H7.gif]
[developer.apple.com/fonts/TrueType-Reference-Manual/RM03/H8.gif]
[developer.apple.com/fonts/TrueType-Reference-Manual/RM03/H9.gif]
[developer.apple.com/fonts/TrueType-Reference-Manual/RM03/H10.gif]
[developer.apple.com/fonts/TrueType-Reference-Manual/RM03/H11.gif]
[developer.apple.com/fonts/TrueType-Reference-Manual/RM03/H12.gif]
[developer.apple.com/fonts/TrueType-Reference-Manual/RM03/H13.gif]
[developer.apple.com/fonts/TrueType-Reference-Manual/RM03/H14.gif]
[developer.apple.com/fonts/TrueType-Reference-Manual/RM03/H15.gif]
[developer.apple.com/fonts/TrueType-Reference-Manual/RM03/H16.gif]
[developer.apple.com/fonts/TrueType-Reference-Manual/RM03/H17.gif]
[developer.apple.com/fonts/TrueType-Reference-Manual/RM03/H18.gif]
[developer.apple.com/fonts/TrueType-Reference-Manual/RM03/H19.gif]
[developer.apple.com/fonts/TrueType-Reference-Manual/RM03/H20.gif]
[developer.apple.com/fonts/TrueType-Reference-Manual/RM03/H21.gif]
[developer.apple.com/fonts/TrueType-Reference-Manual/RM03/H22.gif]
[developer.apple.com/fonts/TrueType-Reference-Manual/RM03/H23.gif]
[developer.apple.com/fonts/TrueType-Reference-Manual/RM03/H24.gif]
[developer.apple.com/fonts/TrueType-Reference-Manual/RM03/H25.gif]
[developer.apple.com/fonts/TrueType-Reference-Manual/RM03/H26.gif]
[developer.apple.com/fonts/TrueType-Reference-Manual/RM03/H27.gif]
[developer.apple.com/fonts/TrueType-Reference-Manual/RM03/H28.gif]
[developer.apple.com/fonts/TrueType-Reference-Manual/RM03/fig3-12.gif]
[developer.apple.com/fonts/TrueType-Reference-Manual/RM03/fig3-13.gif]
[developer.apple.com/fonts/TrueType-Reference-Manual/RM03/fig3-14.gif]
[developer.apple.com/fonts/TrueType-Reference-Manual/RM03/IF12.gif]
[developer.apple.com/fonts/TrueType-Reference-Manual/RM03/O-1.gif]
[developer.apple.com/fonts/TrueType-Reference-Manual/RM03/O-2.gif]
[developer.apple.com/fonts/TrueType-Reference-Manual/RM03/O-3.gif]
[developer.apple.com/fonts/TrueType-Reference-Manual/RM03/O-4.gif]
[developer.apple.com/fonts/TrueType-Reference-Manual/RM03/O-5.gif]
[developer.apple.com/fonts/TrueType-Reference-Manual/RM03/O-6.gif]
[developer.apple.com/fonts/TrueType-Reference-Manual/RM03/O-7.gif]
[developer.apple.com/fonts/TrueType-Reference-Manual/RM03/O-8.gif]
[developer.apple.com/fonts/TrueType-Reference-Manual/RM03/O-9.gif]
[developer.apple.com/fonts/TrueType-Reference-Manual/RM03/O-10.gif]
[developer.apple.com/fonts/TrueType-Reference-Manual/RM03/O-11.gif]
[developer.apple.com/fonts/TrueType-Reference-Manual/RM03/fig3-16.gif]
[developer.apple.com/fonts/TrueType-Reference-Manual/RM03/IF13.gif]
[developer.apple.com/fonts/TrueType-Reference-Manual/RM03/IF14.gif]
[developer.apple.com/fonts/TrueType-Reference-Manual/RM03/IF15.gif]
[developer.apple.com/fonts/TrueType-Reference-Manual/RM03/B1.gif]
[developer.apple.com/fonts/TrueType-Reference-Manual/RM03/B2.gif]
[developer.apple.com/fonts/TrueType-Reference-Manual/RM03/B3.gif]
[developer.apple.com/fonts/TrueType-Reference-Manual/RM03/B4.gif]
[developer.apple.com/fonts/TrueType-Reference-Manual/RM03/B5.gif]
[developer.apple.com/fonts/TrueType-Reference-Manual/RM03/B6.gif]
[developer.apple.com/fonts/TrueType-Reference-Manual/RM03/B7.gif]
[developer.apple.com/fonts/TrueType-Reference-Manual/RM03/B8.gif]
[developer.apple.com/fonts/TrueType-Reference-Manual/RM03/B9.gif]
[developer.apple.com/fonts/TrueType-Reference-Manual/RM03/B10.gif]
[developer.apple.com/fonts/TrueType-Reference-Manual/RM03/B11.gif]
[developer.apple.com/fonts/TrueType-Reference-Manual/RM03/B12.gif]
[developer.apple.com/fonts/TrueType-Reference-Manual/RM03/B13.gif]
[developer.apple.com/fonts/TrueType-Reference-Manual/RM03/B14.gif]
[developer.apple.com/fonts/TrueType-Reference-Manual/RM03/B15.gif]
[developer.apple.com/fonts/TrueType-Reference-Manual/RM03/B16.gif]
[developer.apple.com/fonts/TrueType-Reference-Manual/RM03/B17.gif]
[developer.apple.com/fonts/TrueType-Reference-Manual/RM03/B18.gif]
[developer.apple.com/fonts/TrueType-Reference-Manual/RM03/fig3-20.gif]
[developer.apple.com/fonts/TrueType-Reference-Manual/RM03/IF16.gif]
[developer.apple.com/fonts/TrueType-Reference-Manual/RM03/IF17.gif]
[developer.apple.com/fonts/TrueType-Reference-Manual/RM03/K1.gif]
[developer.apple.com/fonts/TrueType-Reference-Manual/RM03/K2.gif]
[developer.apple.com/fonts/TrueType-Reference-Manual/RM03/K3.gif]
[developer.apple.com/fonts/TrueType-Reference-Manual/RM03/K4.gif]
[developer.apple.com/fonts/TrueType-Reference-Manual/RM03/K5.gif]
[developer.apple.com/fonts/TrueType-Reference-Manual/RM03/K6.gif]
[developer.apple.com/fonts/TrueType-Reference-Manual/RM03/K7.gif]
[developer.apple.com/fonts/TrueType-Reference-Manual/RM03/K8.gif]
[developer.apple.com/fonts/TrueType-Reference-Manual/RM03/K9.gif]
[developer.apple.com/fonts/TrueType-Reference-Manual/RM03/K10.gif]
[developer.apple.com/fonts/TrueType-Reference-Manual/RM03/K11.gif]
[developer.apple.com/fonts/TrueType-Reference-Manual/RM03/K13.gif]
[developer.apple.com/fonts/TrueType-Reference-Manual/RM03/K14.gif]
[developer.apple.com/fonts/TrueType-Reference-Manual/RM03/K15.gif]
[developer.apple.com/fonts/TrueType-Reference-Manual/RM03/K16.gif]
[developer.apple.com/fonts/TrueType-Reference-Manual/RM03/K17.gif]
[developer.apple.com/fonts/TrueType-Reference-Manual/RM03/K18.gif]
[developer.apple.com/fonts/TrueType-Reference-Manual/RM03/K19.gif]
[developer.apple.com/fonts/TrueType-Reference-Manual/RM03/K20.gif]
[developer.apple.com/fonts/TrueType-Reference-Manual/RM03/K21.gif]
[developer.apple.com/fonts/TrueType-Reference-Manual/RM03/K22.gif]
[developer.apple.com/fonts/TrueType-Reference-Manual/RM03/K23.gif]
[developer.apple.com/fonts/TrueType-Reference-Manual/RM03/K24.gif]
[developer.apple.com/fonts/TrueType-Reference-Manual/RM03/IF18.gif]
[developer.apple.com/fonts/TrueType-Reference-Manual/RM03/I-1.gif]
[developer.apple.com/fonts/TrueType-Reference-Manual/RM03/I-2.gif]
[developer.apple.com/fonts/TrueType-Reference-Manual/RM03/I-3.gif]
[developer.apple.com/fonts/TrueType-Reference-Manual/RM03/I-4.gif]
[developer.apple.com/fonts/TrueType-Reference-Manual/RM03/I-5.gif]
[developer.apple.com/fonts/TrueType-Reference-Manual/RM03/I-6.gif]
[developer.apple.com/fonts/TrueType-Reference-Manual/RM03/fig3-24.gif]
[developer.apple.com/fonts/TrueType-Reference-Manual/RM03/fig3-25.gif]
[developer.apple.com/fonts/TrueType-Reference-Manual/RM03/fig3-26.gif]
[developer.apple.com/fonts/TrueType-Reference-Manual/RM03/fig3-27.gif]
[developer.apple.com/fonts/TrueType-Reference-Manual/RM03/fig3-28.gif]
[developer.apple.com/fonts/TrueType-Reference-Manual/RM03/fig3-29.gif]
[developer.apple.com/fonts/TrueType-Reference-Manual/RM03/fig3-30.gif]
[developer.apple.com/fonts/TrueType-Reference-Manual/RM03/Chap3.html]
[developer.apple.com/fonts/TrueType-Reference-Manual/RM04/Chap4.html]
[developer.apple.com/fonts/TrueType-Reference-Manual/RM05/F025_instr1.gif]
[developer.apple.com/fonts/TrueType-Reference-Manual/RM05/F025_instr2.gif]
[developer.apple.com/fonts/TrueType-Reference-Manual/RM05/F025_instr3.gif]
[developer.apple.com/fonts/TrueType-Reference-Manual/RM05/F025_instr4.gif]
[developer.apple.com/fonts/TrueType-Reference-Manual/RM05/F025_instr5.gif]
[developer.apple.com/fonts/TrueType-Reference-Manual/RM05/F025_instr6.gif]
[developer.apple.com/fonts/TrueType-Reference-Manual/RM05/function5-1.gif]
[developer.apple.com/fonts/TrueType-Reference-Manual/RM05/F025_instr7.gif]
[developer.apple.com/fonts/TrueType-Reference-Manual/RM05/F025_instr8.gif]
[developer.apple.com/fonts/TrueType-Reference-Manual/RM05/function5-2.gif]
[developer.apple.com/fonts/TrueType-Reference-Manual/RM05/function5-3.gif]
[developer.apple.com/fonts/TrueType-Reference-Manual/RM05/F025_instr9.gif]
[developer.apple.com/fonts/TrueType-Reference-Manual/RM05/F025_instr10.gif]
[developer.apple.com/fonts/TrueType-Reference-Manual/RM05/F025_instr11.gif]
[developer.apple.com/fonts/TrueType-Reference-Manual/RM05/F025_instr12.gif]
[developer.apple.com/fonts/TrueType-Reference-Manual/RM05/F025_instr13.gif]
[developer.apple.com/fonts/TrueType-Reference-Manual/RM05/F025_instr14.gif]
[developer.apple.com/fonts/TrueType-Reference-Manual/RM05/F025_instr15.gif]
[developer.apple.com/fonts/TrueType-Reference-Manual/RM05/F025_instr16.gif]
[developer.apple.com/fonts/TrueType-Reference-Manual/RM05/F025_instr17.gif]
[developer.apple.com/fonts/TrueType-Reference-Manual/RM05/F025_instr18.gif]
[developer.apple.com/fonts/TrueType-Reference-Manual/RM05/F025_instr19.gif]
[developer.apple.com/fonts/TrueType-Reference-Manual/RM05/F025_instr20.gif]
[developer.apple.com/fonts/TrueType-Reference-Manual/RM05/F025_instr21.gif]
[developer.apple.com/fonts/TrueType-Reference-Manual/RM05/F025_instr22.gif]
[developer.apple.com/fonts/TrueType-Reference-Manual/RM05/F025_instr23.gif]
[developer.apple.com/fonts/TrueType-Reference-Manual/RM05/Chap5.html]
[developer.apple.com/fonts/TrueType-Reference-Manual/RM07/appendixA.html]
[developer.apple.com/fonts/TrueType-Reference-Manual/RM06/Chap6AATIntro.html]
[developer.apple.com/fonts/TrueType-Reference-Manual/RM06/Chap6Tables.html]
[developer.apple.com/fonts/TrueType-Reference-Manual/RM06/Chap6.html]
[developer.apple.com/fonts/TrueType-Reference-Manual/RM06/Chap6gcid.html]
[developer.apple.com/fonts/TrueType-Reference-Manual/RM06/FF77.gif]
[developer.apple.com/fonts/TrueType-Reference-Manual/RM06/Chap6acnt.html]
[developer.apple.com/fonts/TrueType-Reference-Manual/RM06/Chap6ankr.html]
[developer.apple.com/fonts/TrueType-Reference-Manual/RM06/Chap6avar.html]
[developer.apple.com/fonts/TrueType-Reference-Manual/RM06/FF76.gif]
[developer.apple.com/fonts/TrueType-Reference-Manual/RM06/FF212.gif]
[developer.apple.com/fonts/TrueType-Reference-Manual/RM06/FF213.gif]
[developer.apple.com/fonts/TrueType-Reference-Manual/RM06/Chap6bdat.html]
[developer.apple.com/fonts/TrueType-Reference-Manual/RM06/Chap6bhed.html]
[developer.apple.com/fonts/TrueType-Reference-Manual/RM06/FF75.gif]
[developer.apple.com/fonts/TrueType-Reference-Manual/RM06/FF202.gif]
[developer.apple.com/fonts/TrueType-Reference-Manual/RM06/FF203.gif]
[developer.apple.com/fonts/TrueType-Reference-Manual/RM06/Chap6bloc.html]
[developer.apple.com/fonts/TrueType-Reference-Manual/RM06/FF26.gif]
[developer.apple.com/fonts/TrueType-Reference-Manual/RM06/FF51.gif]
[developer.apple.com/fonts/TrueType-Reference-Manual/RM06/FF52.gif]
[developer.apple.com/fonts/TrueType-Reference-Manual/RM06/FF53.gif]
[developer.apple.com/fonts/TrueType-Reference-Manual/RM06/FF54.gif]
[developer.apple.com/fonts/TrueType-Reference-Manual/RM06/FF55.gif]
[developer.apple.com/fonts/TrueType-Reference-Manual/RM06/FF28.gif]
[developer.apple.com/fonts/TrueType-Reference-Manual/RM06/FF33.gif]
[developer.apple.com/fonts/TrueType-Reference-Manual/RM06/FF36.gif]
[developer.apple.com/fonts/TrueType-Reference-Manual/RM06/Chap6bsln.html]
[developer.apple.com/fonts/TrueType-Reference-Manual/Chap6name.html]
[developer.apple.com/fonts/TrueType-Reference-Manual/RM06/Chap6cmap.html]
[developer.apple.com/fonts/TrueType-Reference-Manual/RM06/FF70.gif]
[developer.apple.com/fonts/TrueType-Reference-Manual/RM06/Chap6cvar.html]
[developer.apple.com/fonts/TrueType-Reference-Manual/RM06/Chap6cvt.html]
[developer.apple.com/fonts/TrueType-Reference-Manual/RM06/Chap6EBSC.html]
[developer.apple.com/fonts/TrueType-Reference-Manual/RM06/FF71.gif]
[developer.apple.com/fonts/TrueType-Reference-Manual/RM06/Chap6fdsc.html]
[developer.apple.com/fonts/TrueType-Reference-Manual/RM06/FF72.gif]
[developer.apple.com/fonts/TrueType-Reference-Manual/RM06/Chap6feat.html]
[developer.apple.com/fonts/TrueType-Reference-Manual/RM06/Chap6fmtx.html]
[developer.apple.com/fonts/TrueType-Reference-Manual/RM06/Chap6fond.html]
[developer.apple.com/fonts/TrueType-Reference-Manual/RM06/Chap6fpgm.html]
[developer.apple.com/fonts/TrueType-Reference-Manual/RM06/FF66.gif]
[developer.apple.com/fonts/TrueType-Reference-Manual/RM06/FF67.gif]
[developer.apple.com/fonts/TrueType-Reference-Manual/RM06/FF68.gif]
[developer.apple.com/fonts/TrueType-Reference-Manual/RM06/Chap6fvar.html]
[developer.apple.com/fonts/TrueType-Reference-Manual/RM06/Chap6gasp.html]
[developer.apple.com/fonts/TrueType-Reference-Manual/RM06/Formulas_glyf.png]
[developer.apple.com/fonts/TrueType-Reference-Manual/RM06/Chap6glyf.html]
[developer.apple.com/fonts/TrueType-Reference-Manual/RM06/FF69.gif]
[developer.apple.com/fonts/TrueType-Reference-Manual/RM06/Chap6gvar.html]
[developer.apple.com/fonts/TrueType-Reference-Manual/RM06/Chap6hdmx.html]
[developer.apple.com/fonts/TrueType-Reference-Manual/RM06/Chap6head.html]
[developer.apple.com/fonts/TrueType-Reference-Manual/Chap6head.html]
[developer.apple.com/fonts/TrueType-Reference-Manual/Chap6htmx.xml]
[developer.apple.com/fonts/TrueType-Reference-Manual/RM06/Chap6hhea.html]
[developer.apple.com/fonts/TrueType-Reference-Manual/RM06/Chap6hmtx.html]
[developer.apple.com/fonts/TrueType-Reference-Manual/RM06/Chap6hvgl.html]
[developer.apple.com/fonts/TrueType-Reference-Manual/RM06/Chap6hvpm.html]
[developer.apple.com/fonts/TrueType-Reference-Manual/RM06/FF35.gif]
[developer.apple.com/fonts/TrueType-Reference-Manual/RM06/FF80.gif]
[developer.apple.com/fonts/TrueType-Reference-Manual/RM06/FF79.gif]
[developer.apple.com/fonts/TrueType-Reference-Manual/RM06/Chap6just.html]
[developer.apple.com/fonts/TrueType-Reference-Manual/RM06/FF48.gif]
[developer.apple.com/fonts/TrueType-Reference-Manual/RM06/FF78.gif]
[developer.apple.com/fonts/TrueType-Reference-Manual/RM06/FF45.gif]
[developer.apple.com/fonts/TrueType-Reference-Manual/RM06/Chap6kern.html]
[developer.apple.com/fonts/TrueType-Reference-Manual/RM06/Chap6kerx.html]
[developer.apple.com/fonts/TrueType-Reference-Manual/RM06/FF37.gif]
[developer.apple.com/fonts/TrueType-Reference-Manual/RM06/FF39.gif]
[developer.apple.com/fonts/TrueType-Reference-Manual/RM06/FF40.gif]
[developer.apple.com/fonts/TrueType-Reference-Manual/RM06/Chap6lcar.html]
[developer.apple.com/fonts/TrueType-Reference-Manual/RM06/Chap6loca.html]
[developer.apple.com/fonts/TrueType-Reference-Manual/RM06/Chap6ltag.html]
[developer.apple.com/fonts/TrueType-Reference-Manual/RM06/Chap6maxp.html]
[developer.apple.com/fonts/TrueType-Reference-Manual/RM06/Chap6meta.html]
[developer.apple.com/fonts/TrueType-Reference-Manual/RM06/FF60.gif]
[developer.apple.com/fonts/TrueType-Reference-Manual/RM06/FF61.gif]
[developer.apple.com/fonts/TrueType-Reference-Manual/RM06/FF62.gif]
[developer.apple.com/fonts/TrueType-Reference-Manual/RM06/FF63.gif]
[developer.apple.com/fonts/TrueType-Reference-Manual/RM06/FF64.gif]
[developer.apple.com/fonts/TrueType-Reference-Manual/RM06/FF65.gif]
[developer.apple.com/fonts/TrueType-Reference-Manual/RM06/FF38.gif]
[developer.apple.com/fonts/TrueType-Reference-Manual/RM06/FF07.gif]
[developer.apple.com/fonts/TrueType-Reference-Manual/RM06/Chap6mort.html]
[developer.apple.com/fonts/TrueType-Reference-Manual/RM06/Chap6morx.html]
[developer.apple.com/fonts/TrueType-Reference-Manual/RM06/Chap6name.html]
[developer.apple.com/fonts/TrueType-Reference-Manual/RM06/FF44.gif]
[developer.apple.com/fonts/TrueType-Reference-Manual/RM06/FF41.gif]
[developer.apple.com/fonts/TrueType-Reference-Manual/RM06/FF46.gif]
[developer.apple.com/fonts/TrueType-Reference-Manual/RM06/FF47.gif]
[developer.apple.com/fonts/TrueType-Reference-Manual/RM06/Chap6opbd.html]
[developer.apple.com/fonts/TrueType-Reference-Manual/RM06/Chap6OS2.html]
[developer.apple.com/fonts/TrueType-Reference-Manual/RM06/Chap6post.html]
[developer.apple.com/fonts/TrueType-Reference-Manual/RM06/Chap6prep.html]
[developer.apple.com/fonts/TrueType-Reference-Manual/RM06/FF59.gif]
[developer.apple.com/fonts/TrueType-Reference-Manual/RM06/Chap6prop.html]
[developer.apple.com/fonts/TrueType-Reference-Manual/RM06/Chap6sbix.html]
[developer.apple.com/fonts/TrueType-Reference-Manual/RM06/FF49.gif]
[developer.apple.com/fonts/TrueType-Reference-Manual/RM06/FF50.gif]
[developer.apple.com/fonts/TrueType-Reference-Manual/RM06/Chap6trak.html]
[developer.apple.com/fonts/TrueType-Reference-Manual/RM06/FF56.gif]
[developer.apple.com/fonts/TrueType-Reference-Manual/RM06/Chap6vhea.html]
[developer.apple.com/fonts/TrueType-Reference-Manual/RM06/FF57.gif]
[developer.apple.com/fonts/TrueType-Reference-Manual/RM06/FF58.gif]
[developer.apple.com/fonts/TrueType-Reference-Manual/RM06/Chap6vmtx.html]
[developer.apple.com/fonts/TrueType-Reference-Manual/RM06/Chap6xref.html]
[developer.apple.com/fonts/TrueType-Reference-Manual/RM06/z1.jpg]
[developer.apple.com/fonts/TrueType-Reference-Manual/RM06/z2.jpg]
[developer.apple.com/fonts/TrueType-Reference-Manual/RM06/Chap6Zapf.html]
[developer.apple.com/fonts/TrueType-Reference-Manual/RM07/appendixB.html]
[developer.apple.com/fonts/TrueType-Reference-Manual/RM08/appendixE1.gif]
[developer.apple.com/fonts/TrueType-Reference-Manual/RM08/appendixE2.gif]
[developer.apple.com/fonts/TrueType-Reference-Manual/RM08/appendixE3.gif]
[developer.apple.com/fonts/TrueType-Reference-Manual/RM08/appendixE4.gif]
[developer.apple.com/fonts/TrueType-Reference-Manual/RM08/appendixE.html]
[developer.apple.com/fonts/TrueType-Reference-Manual/RM09/AppendixF.html]
[developer.apple.com/assets/styles/footer.dist3d34.css]
[developer.apple.com/assets/styles/language-dropdown78df.css]
[sfss.cdn-apple.com/2.0.0-beta.2/sf-symbol8456.html]
[developer.apple.com/assets/core/elements/content/horizontal_dropshadow_repeat.png]
[developer.apple.com/assets/elements/layout/nav_arrow.png]
[developer.apple.com/assets/elements/icons/icon_sublist.png]
[developer.apple.com/assets/elements/arrows/arrow_up.png]
[developer.apple.com/assets/elements/arrows/arrow_down.png]
[developer.apple.com/assets/core/elements/content/vertical_divider_shadow.png]
[developer.apple.com/assets/core/elements/content/horizontal_divider_shadow.png]
[developer.apple.com/assets/elements/icons/16x16/check.png]
[developer.apple.com/assets/elements/header/top-gradient-divider.jpg]
[developer.apple.com/assets/elements/icons/16x16/list_bullet.png]
[developer.apple.com/fonts/TrueType-Reference-Manual/styles/aat.css]
[sfss.cdn-apple.com/2.0.0-beta.2/sf-symbol0545.html]
[sfss.cdn-apple.com/2.0.0-beta.2/sf-symbol678a.html]
[sfss.cdn-apple.com/2.0.0-beta.2/sf-symbol7a91.html]
[sfss.cdn-apple.com/2.0.0-beta.2/sf-symbol4bba.html]
[sfss.cdn-apple.com/2.0.0-beta.2/sf-symboldd10.html]
[developer.apple.com/fonts/TrueType-Reference-Manual/index-2.html]
[developer.apple.com/fonts/TrueType-Reference-Manual/RM06/FF01.gif]
[developer.apple.com/fonts/TrueType-Reference-Manual/RM06/FF03.gif]
[developer.apple.com/fonts/TrueType-Reference-Manual/RM06/FF02.gif]
[developer.apple.com/fonts/TrueType-Reference-Manual/RM06/FF05.gif]
[developer.apple.com/fonts/TrueType-Reference-Manual/RM06/FF04.gif]
[developer.apple.com/fonts/TrueType-Reference-Manual/RM06/FF24.gif]
[developer.apple.com/fonts/TrueType-Reference-Manual/RM06/FF23.gif]
[developer.apple.com/fonts/TrueType-Reference-Manual/RM06/FF06.gif]
[developer.apple.com/fonts/TrueType-Reference-Manual/RM06/FF08.gif]
[developer.apple.com/fonts/TrueType-Reference-Manual/RM06/FF09.gif]
[developer.apple.com/fonts/TrueType-Reference-Manual/RM06/FF10.gif]
[developer.apple.com/fonts/TrueType-Reference-Manual/RM06/FF11.gif]
[developer.apple.com/fonts/TrueType-Reference-Manual/RM06/FF12.gif]
[developer.apple.com/fonts/TrueType-Reference-Manual/RM06/FF14.gif]
[developer.apple.com/fonts/TrueType-Reference-Manual/RM06/FF15.gif]
[developer.apple.com/fonts/TrueType-Reference-Manual/RM06/FF16.gif]
[developer.apple.com/fonts/TrueType-Reference-Manual/RM06/FF19.gif]
[developer.apple.com/fonts/TrueType-Reference-Manual/RM06/FF20.gif]
[developer.apple.com/fonts/TrueType-Reference-Manual/RM06/FF21.gif]
[developer.apple.com/fonts/TrueType-Reference-Manual/RM06/FF18.gif]
[developer.apple.com/fonts/TrueType-Reference-Manual/RM06/FF13.gif]
[developer.apple.com/fonts/TrueType-Reference-Manual/RM06/FF34.gif]
[developer.apple.com/fonts/TrueType-Reference-Manual/RM06/FF22.gif]
[developer.apple.com/fonts/TrueType-Reference-Manual/RM06/FF25.gif]
[developer.apple.com/fonts/TrueType-Reference-Manual/RM06/Chap6AATIntro.html]
[developer.apple.com/fonts/TrueType-Reference-Manual/RM06/FF27.gif]
[developer.apple.com/fonts/TrueType-Reference-Manual/RM06/FF29.gif]
[developer.apple.com/fonts/TrueType-Reference-Manual/RM06/FF30.gif]
[developer.apple.com/fonts/TrueType-Reference-Manual/RM06/FF31.gif]
[developer.apple.com/fonts/TrueType-Reference-Manual/RM06/FF32.gif]
[developer.apple.com/fonts/TrueType-Reference-Manual/RM06/Chap6Tables.html]
[developer.apple.com/fonts/TrueType-Reference-Manual/RM06/Chap6gcid.html]
[sfss.cdn-apple.com/2.0.0-beta.2/sf-symbol43b6.html]
[sfss.cdn-apple.com/2.0.0-beta.2/sf-symbolb79e.html]
[sfss.cdn-apple.com/2.0.0-beta.2/sf-symbol7eef.html]
[sfss.cdn-apple.com/2.0.0-beta.2/sf-symbol9229.html]
[sfss.cdn-apple.com/2.0.0-beta.2/sf-symbol0eee.html]
[developer.apple.com/fonts/TrueType-Reference-Manual/Chap6name.html]
[sfss.cdn-apple.com/2.0.0-beta.2/sf-symbolb927.html]
[sfss.cdn-apple.com/2.0.0-beta.2/sf-symbol1607.html]
[sfss.cdn-apple.com/2.0.0-beta.2/sf-symbol977e.html]
[sfss.cdn-apple.com/2.0.0-beta.2/sf-symbol505b.html]
[sfss.cdn-apple.com/2.0.0-beta.2/sf-symbol1c37.html]
[sfss.cdn-apple.com/2.0.0-beta.2/sf-symbolf42f.html]
[sfss.cdn-apple.com/2.0.0-beta.2/sf-symbol4e99.html]
[developer.apple.com/fonts/TrueType-Reference-Manual/Chap6head.html]
[developer.apple.com/fonts/TrueType-Reference-Manual/Chap6htmx.html]
[sfss.cdn-apple.com/2.0.0-beta.2/sf-symbolb248.html]
[sfss.cdn-apple.com/2.0.0-beta.2/sf-symbol6ecb.html]
[sfss.cdn-apple.com/2.0.0-beta.2/sf-symbol7360.html]
[developer.apple.com/fonts/TrueType-Reference-Manual/RM06/Chap6gvar-2.html]
[sfss.cdn-apple.com/2.0.0-beta.2/sf-symbol6670.html]
[sfss.cdn-apple.com/2.0.0-beta.2/sf-symbol802e.html]
[sfss.cdn-apple.com/2.0.0-beta.2/sf-symbol05b8.html]
[sfss.cdn-apple.com/2.0.0-beta.2/sf-symbol2871.html]
[sfss.cdn-apple.com/2.0.0-beta.2/sf-symbolcca7.html]
[sfss.cdn-apple.com/2.0.0-beta.2/sf-symbolfa4b.html]
[sfss.cdn-apple.com/2.0.0-beta.2/sf-symbol9964.html]
[sfss.cdn-apple.com/2.0.0-beta.2/sf-symbol6ca6.html]
[sfss.cdn-apple.com/2.0.0-beta.2/sf-symbol6517.html]
[sfss.cdn-apple.com/2.0.0-beta.2/sf-symbol64e7.html]
[sfss.cdn-apple.com/2.0.0-beta.2/sf-symbolbd88.html]
[sfss.cdn-apple.com/2.0.0-beta.2/sf-symbole667.html]
[sfss.cdn-apple.com/2.0.0-beta.2/sf-symbold778.html]
[sfss.cdn-apple.com/2.0.0-beta.2/sf-symbol1022.html]
[developer.apple.com/assets/elements/badges/new-inline.html]
[developer.apple.com/assets/elements/icons/16x16/check.html]
[developer.apple.com/assets/elements/icons/16x16/list_bullet.html]
[sfss.cdn-apple.com/2.0.0-beta.2/sf-symbol55ef.html]
[developer.apple.com/fonts/TrueType-Reference-Manual/index-2.html]
[sfss.cdn-apple.com/2.0.0-beta.2/sf-symbol786c.html]
[sfss.cdn-apple.com/2.0.0-beta.2/sf-symbolbdc3.html]
